contracts

select ^select.0 (B:i32, X:i32, W:i32)
  role=n/a key=(B,X,W)
select ^select.1 (c4:i32)
  role=n/a key=(c4)
tuple ^tuple.2 (X:i32, W2:i32)
  role=member key=(X,W2)
tuple ^tuple.3 (c7:i32, X2:i32)
  role=member key=(c7,X2)
tuple ^tuple.4 (X:i32, B2:i32)
  role=member key=(X,B2)
tuple ^tuple.5 (X:i32, N:i32)
  role=member key=(X,N)
tuple ^tuple.6 (X:i32, N:i32)
  role=member key=(X,N)
tuple ^tuple.7 (c15:i32, N:i32)
  role=member key=(c15,N)
tuple ^tuple.8 (X:i32, N:i32)
  role=member key=(X,N)
aggregate ^aggregate.9 (X:i32, N:i32)
  role=n/a key=(X)
  input_key=(X,W2)
aggregate ^aggregate.10 (X:i32, N:i32)
  role=n/a key=(X)
  input_key=(X,W2)
aggregate ^aggregate.11 (c23:i32, N:i32)
  role=n/a key=(c23)
  input_key=(c7,X2)
aggregate ^aggregate.12 (X:i32, N:i32)
  role=n/a key=(X)
  input_key=(X,B2)
insert ^insert.13 (X:i32, N:i32)
  role=n/a key=(X,N)
insert ^insert.14 (X:i32, N:i32)
  role=n/a key=(X,N)
insert ^insert.15 (c15:i32, N:i32)
  role=n/a key=(c15,N)
insert ^insert.16 (X:i32, N:i32)
  role=n/a key=(X,N)
census: views=17 contracts=17 role{distinct=0 member=7 na=10}
        agg_input_key_ok=4 collapse_error=0
