dataflow

select ^select.0 (M:u64, T:u64)                    ; recv #message edge_2/2
  ATTRIBUTES eqset=1 class=table-less stratum=0
  => ^tuple.2 (F=M, T)
  => ^tuple.10 (M, T)

select ^select.1 (c3:u64)                          ; recv #message demand__reachable_from_bf/1
  ATTRIBUTES eqset=2 class=table-less stratum=1
  => ^tuple.8 (c14=c3)
  => ^tuple.12 (c21=c3)

tuple ^tuple.2 (F:u64, T:u64)
  ATTRIBUTES table=%table:19 eqset=1 class=monotone stratum=2
  => ^join.14 .in1(F, T)

tuple ^tuple.3 (F:u64, T:u64)
  ATTRIBUTES eqset=4 class=table-less stratum=5
  => ^merge.17 (F, T)                              ; cycle

tuple ^tuple.4 (From:u64, To:u64)
  ATTRIBUTES table=%table:8 eqset=18 class=monotone stratum=5
  => ^join.15 .in1(From, To)                       ; cycle
  => ^join.16 .in1(From, To)

tuple ^tuple.5 (From:u64)
  ATTRIBUTES eqset=6 class=table-less stratum=5
  => ^merge.18 (c33=From)                          ; cycle

tuple ^tuple.6 (c11:u64)
  ATTRIBUTES table=%table:12 eqset=19 class=monotone stratum=5
  => ^join.14 .in0(c11)                            ; cycle
  => ^join.15 .in0(c11)                            ; cycle

tuple ^tuple.7 (From:u64, To:u64)
  ATTRIBUTES table=%table:15 eqset=8 class=monotone stratum=5
  => ^join.13 .in0(To, From)                       ; cycle

tuple ^tuple.8 (c14:u64)
  ATTRIBUTES table=%table:23 eqset=2 class=monotone stratum=6
  => ^join.16 .in0(c14)

tuple ^tuple.9 (From:u64, To:u64)
  ATTRIBUTES eqset=10 class=table-less stratum=8
  => ^insert.19 (From, To)

tuple ^tuple.10 (M:u64, T:u64)
  ATTRIBUTES table=%table:19 eqset=1 class=monotone stratum=4
  => ^join.13 .in1(M, T)

tuple ^tuple.11 (F:u64, T:u64)
  ATTRIBUTES eqset=15 class=table-less stratum=5
  => ^merge.17 (F, T)                              ; cycle

tuple ^tuple.12 (c21:u64)
  ATTRIBUTES eqset=2 class=table-less stratum=3
  => ^merge.18 (c33=c21)

join ^join.13 (M:u64, F:u64, T:u64) {
  pivot M:u64 <- .in0.To, .in1.M
  out F:u64 <- .in0.From
  out T:u64 <- .in1.T
}
  ATTRIBUTES eqset=14 class=table-less stratum=5 set=0 depth=1
  => ^tuple.3 (F, T)                               ; cycle

join ^join.14 (F:u64, T:u64) {
  pivot F:u64 <- .in0.c11, .in1.F
  out T:u64 <- .in1.T
}
  ATTRIBUTES eqset=15 class=table-less stratum=5 set=0 depth=1
  => ^tuple.11 (F, T)                              ; cycle

join ^join.15 (From:u64, To:u64) {
  pivot From:u64 <- .in0.c11, .in1.From
  out To:u64 <- .in1.To
}
  ATTRIBUTES eqset=8 class=table-less stratum=5
  => ^tuple.7 (From, To)                           ; cycle

join ^join.16 (From:u64, To:u64) {
  pivot From:u64 <- .in0.c14, .in1.From
  out To:u64 <- .in1.To
}
  ATTRIBUTES eqset=10 class=table-less stratum=7
  => ^tuple.9 (From, To)

merge ^merge.17 (F:u64, T:u64)                     ; callers: ^tuple.3, ^tuple.11
  ATTRIBUTES table=%table:8 eqset=18 class=monotone stratum=5 set=0 depth=1
  => ^tuple.4 (From=F, To=T)                       ; cycle
  => ^tuple.5 (From=F)                             ; cycle

merge ^merge.18 (c33:u64)                          ; callers: ^tuple.5, ^tuple.12
  ATTRIBUTES table=%table:12 eqset=19 class=monotone stratum=5 set=0 depth=1
  => ^tuple.6 (c11=c33)                            ; cycle

insert ^insert.19 (From:u64, To:u64) into %table:4
  ATTRIBUTES eqset=10 class=monotone stratum=9
