region-program
program-root {
  input-abi   edge_2/2(A:u64, B:u64)                -> R0 via P2
  query-abi   q(A:bound u64, B:free u64)  adorn=bf  -> R0 via P0
  query-abi   q(A:free u64, B:bound u64)  adorn=fb  -> R0 via P1
  output-abi  <none>
}
region R0  owner=program-root  parents=()  children=() {
  request-port     P0  query=q  adorn=bf  fields=(A)
  request-port     P1  query=q  adorn=fb  fields=(B)
  input-port       P2  message=edge_2/2   fields=(A, B)
  region-internal  demand__q_bf/1(p0:u64)  [fabricated, driver-suppressed]
  region-internal  demand__q_fb/1(p0:u64)  [fabricated, driver-suppressed]
  row-contract     E0  rel=q    member-key=(A, B)  support=monotone
  row-contract     E1  rel=rel  member-key=(A, B)  support=monotone
}
census: regions=1 child-calls=0 program-roots=1 request-ports=2 input-ports=1 result-ports=0 row-contracts=2
