region-program
program-root {
  input-abi   edge_2/2(From:u64, To:u64)                   -> R0 via P1
  query-abi   reachable_from(From:bound u64, To:free u64)  -> R0 via P0
  output-abi  <none>
}
region R0  owner=program-root  parents=()  children=() {
  request-port     P0  query=reachable_from  fields=(From)
  input-port       P1  message=edge_2/2      fields=(From, To)
  region-internal  demand__reachable_from_bf/1(p0:u64)  [fabricated, driver-suppressed]
  row-contract     E0  rel=reachable_from  member-key=(From, To)  support=monotone
}
census: regions=1 child-calls=0 program-roots=1 request-ports=1 input-ports=1 result-ports=0 row-contracts=1
