deltarel

op.0 kEagerForward sign=· ctx=eager stratum=0
    args:
op.5 kEagerJoin sign=· ctx=eager stratum=0
    args:
op.6 kEagerForward sign=· ctx=eager stratum=0
    args:
op.8 kEagerJoin sign=· ctx=eager stratum=0
    args:
op.2 kEagerInsert sign=· ctx=eager stratum=0 sink=relation
    args: table=%table:5
op.3 kEagerSelect sign=· ctx=eager stratum=0
    args: table=%table:5
op.4 kEagerForward sign=· ctx=eager stratum=0
    args: table=%table:5
op.1 kEagerForward sign=· ctx=eager stratum=0
    args: table=%table:8
op.9 kEagerForward sign=· ctx=eager stratum=0
    args: table=%table:12
op.10 kEagerInsert sign=· ctx=eager stratum=0 sink=relation
    args: table=%table:12
op.7 kEagerForward sign=· ctx=eager stratum=0
    args: table=%table:15

rounds:

deps:

census: kCrossover=0 kProductArm=0 kSeedFold=0 kFixpointFire=0 kChainFold=0 kClaimDrain=0 kRetire=0 kRederive=0 kFrontierFilter=0 kCommitSweep=0 kNegateGate=0 kPivotAssemble=0 kIngestFold=0 kGroupUpdate=0 kStateSeal=0 kSubgraphInstantiate=0 kInstanceDeath=0 kInstanceSeal=0 kEagerForward=6 kEagerInsert=2 kEagerCompare=0 kEagerGenerate=0 kEagerUnion=0 kEagerSelect=1 kEagerJoin=2 kEagerProduct=0
