contracts

select ^select.0 (M:u64, T:u64)
  role=n/a key=(M,T)
select ^select.1 (c3:u64)
  role=n/a key=(c3)
tuple ^tuple.2 (F:u64, T:u64)
  role=distinct key=(F,T)
tuple ^tuple.3 (F:u64, T:u64)
  role=member key=(F,T)
tuple ^tuple.4 (From:u64, To:u64)
  role=member key=(From,To)
tuple ^tuple.5 (From:u64)
  role=member key=(From)
tuple ^tuple.6 (c11:u64)
  role=member key=(c11)
tuple ^tuple.7 (From:u64, To:u64)
  role=member key=(From,To)
tuple ^tuple.8 (c14:u64)
  role=member key=(c14)
tuple ^tuple.9 (From:u64, To:u64)
  role=member key=(From,To)
tuple ^tuple.10 (M:u64, T:u64)
  role=member key=(M,T)
tuple ^tuple.11 (F:u64, T:u64)
  role=member key=(F,T)
tuple ^tuple.12 (c21:u64)
  role=member key=(c21)
join ^join.13 (M:u64, F:u64, T:u64)
  role=n/a key=(M,F,T)
join ^join.14 (F:u64, T:u64)
  role=n/a key=(F,T)
join ^join.15 (From:u64, To:u64)
  role=n/a key=(From,To)
join ^join.16 (From:u64, To:u64)
  role=n/a key=(From,To)
merge ^merge.17 (F:u64, T:u64)
  role=n/a key=(F,T)
merge ^merge.18 (c33:u64)
  role=n/a key=(c33)
insert ^insert.19 (From:u64, To:u64)
  role=n/a key=(From,To)
declared-key rel=path declared=(From) inferred=(From)
census: views=20 contracts=20 role{distinct=1 member=10 na=9}
        agg_input_key_ok=0 collapse_error=0
