contracts

select ^select.0 (A:u64, B:u64)
  role=n/a key=(A,B)
select ^select.1 (c3:u64)
  role=n/a key=(c3)
select ^select.2 (c4:u64)
  role=n/a key=(c4)
tuple ^tuple.3 (A:u64, B:u64)
  role=distinct key=(A,B)
tuple ^tuple.4 (A:u64, B:u64)
  role=member key=(A,B)
tuple ^tuple.5 (c9:u64)
  role=member key=(c9)
tuple ^tuple.6 (A:u64, B:u64)
  role=member key=(A,B)
tuple ^tuple.7 (c12:u64)
  role=member key=(c12)
tuple ^tuple.8 (A:u64, B:u64)
  role=member key=(A,B)
tuple ^tuple.9 (A:u64, B:u64)
  role=member key=(A,B)
tuple ^tuple.10 (A:u64, B:u64)
  role=member key=(A,B)
tuple ^tuple.11 (A:u64, B:u64)
  role=member key=(A,B)
join ^join.12 (A:u64, B:u64)
  role=n/a key=(A,B)
join ^join.13 (A:u64, B:u64)
  role=n/a key=(A,B)
join ^join.14 (B:u64, A:u64)
  role=n/a key=(B,A)
join ^join.15 (B:u64, A:u64)
  role=n/a key=(B,A)
merge ^merge.16 (A:u64, B:u64)
  role=n/a key=(A,B)
merge ^merge.17 (A:u64, B:u64)
  role=n/a key=(A,B)
insert ^insert.18 (A:u64, B:u64)
  role=n/a key=(A,B)
declared-key rel=rel declared=(A) inferred=(A)
declared-key rel=rel declared=(B) inferred=(B)
census: views=19 contracts=19 role{distinct=1 member=8 na=10}
        agg_input_key_ok=0 collapse_error=0
