deltarel

op.0 kEagerForward sign=· ctx=eager stratum=0
    args:
op.4 kEagerForward sign=· ctx=eager stratum=0
    args:
op.8 kEagerForward sign=· ctx=eager stratum=0
    args:
op.12 kEagerForward sign=· ctx=eager stratum=0
    args:
op.16 kEagerForward sign=· ctx=eager stratum=0
    args:
op.5 kEagerUnion sign=· ctx=eager stratum=0
    args: table=%table:4
op.6 kEagerForward sign=· ctx=eager stratum=0
    args: table=%table:4
op.7 kEagerInsert sign=· ctx=eager stratum=0 sink=relation
    args: table=%table:4
op.13 kEagerUnion sign=· ctx=eager stratum=0
    args: table=%table:4
op.14 kEagerForward sign=· ctx=eager stratum=0
    args: table=%table:4
op.15 kEagerInsert sign=· ctx=eager stratum=0 sink=relation
    args: table=%table:4
op.17 kEagerUnion sign=· ctx=eager stratum=0
    args: table=%table:4
op.18 kEagerForward sign=· ctx=eager stratum=0
    args: table=%table:4
op.19 kEagerInsert sign=· ctx=eager stratum=0 sink=relation
    args: table=%table:4
op.1 kEagerUnion sign=· ctx=eager stratum=0
    args: table=%table:8
op.2 kEagerForward sign=· ctx=eager stratum=0
    args: table=%table:8
op.3 kEagerInsert sign=· ctx=eager stratum=0 sink=relation
    args: table=%table:8
op.9 kEagerUnion sign=· ctx=eager stratum=0
    args: table=%table:8
op.10 kEagerForward sign=· ctx=eager stratum=0
    args: table=%table:8
op.11 kEagerInsert sign=· ctx=eager stratum=0 sink=relation
    args: table=%table:8

rounds:

deps:

census: kCrossover=0 kProductArm=0 kSeedFold=0 kFixpointFire=0 kChainFold=0 kClaimDrain=0 kRetire=0 kRederive=0 kFrontierFilter=0 kCommitSweep=0 kNegateGate=0 kPivotAssemble=0 kIngestFold=0 kGroupUpdate=0 kStateSeal=0 kSubgraphInstantiate=0 kInstanceDeath=0 kInstanceSeal=0 kEagerForward=10 kEagerInsert=5 kEagerCompare=0 kEagerGenerate=0 kEagerUnion=5 kEagerSelect=0 kEagerJoin=0 kEagerProduct=0
