const u64 @0 = 0

const bool @1 = false

const bool @2 = true

global u64 @16

create %table:4[i32,i32]
  i32	%col:5	; A
  i32	%col:6	; B

  %index:7[i32,i32] on %col:5, %col:6

create %table:8[i32]
  i32	%col:9	; A

  %index:10[i32] on %col:9

create %table:11[i32,i32]
  i32	%col:12	; A
  i32	%col:13	; B

  %index:14[i32,i32] on %col:12, %col:13
  %index:28[i32,_] on %col:12

init proc ^init:3()
  vector-define $empty:58<i32,i32>
  vector-define $empty:59<i32>
  seq
    call ^entry:15($empty:58<i32,i32>, $empty:59<i32>)
    return-false

proc ^entry:15($param:17<i32,i32>, $param:22<i32>)
  vector-define $add_queue:21<i32,i32>
  vector-define $net_additions:25<i32>
  seq
    par
      vector-loop {@A:19, @B:20} over $param:17<i32,i32>
        update-count +nonrecursive {@A:19, @B:20} in %table:11[i32,i32]
          if-crossed
            check-member in-I {@A:19} in %table:8[i32]
              if-absent
                update-count +nonrecursive {@A:19, @B:20} in %table:4[i32,i32]
                  if-crossed
                    vector-append {@A:19, @B:20} into $add_queue:21<i32,i32>
      vector-loop {@A:24} over $param:22<i32>
        update-count +nonrecursive {@A:24} in %table:8[i32]
          if-crossed
            vector-append {@A:24} into $net_additions:25<i32>
    vector-clear $param:17<i32,i32>
    vector-clear $param:22<i32>
    call ^flow:60($add_queue:21<i32,i32>, $net_additions:25<i32>)
    return-false

proc ^receive:feed/2:49($param:50<i32,i32>)
  vector-define $empty:52<i32>
  seq
    call ^entry:15($param:50<i32,i32>, $empty:52<i32>)
    return-true

proc ^receive:unsee/1:53($param:54<i32>)
  vector-define $empty:56<i32,i32>
  seq
    call ^entry:15($empty:56<i32,i32>, $param:54<i32>)
    return-true

proc ^flow:60($add_queue:21<i32,i32>, $net_additions:25<i32>)
  vector-define $delete_queue:32<i32,i32>
  vector-define $overdelete:33<i32,i32>
  vector-define $addition:37<i32,i32>
  vector-define $net_removals:41<i32,i32>
  vector-define $net_additions:45<i32,i32>
  seq
    @16 += 1
    vector-unique $net_additions:25<i32>
    vector-loop {@A:27} over $net_additions:25<i32>
      scan-index select {@A:30, @B:31} from %table:11[i32,i32] where {@A:27} in %index:28[i32,_] plan=partial-key-hash-seek
        check-member in-new {@A:30, @B:31} in %table:11[i32,i32]
          if-member
            update-count -nonrecursive {@A:27, @B:31} in %table:4[i32,i32]
              if-crossed
                vector-append {@A:27, @B:31} into $delete_queue:32<i32,i32>
    vector-unique $delete_queue:32<i32,i32>
    vector-loop {@35, @36} over $delete_queue:32<i32,i32>
      claim-del {@35, @36} in %table:4[i32,i32]
        if-claimed
          vector-append {@35, @36} into $overdelete:33<i32,i32>
    vector-unique $add_queue:21<i32,i32>
    vector-loop {@39, @40} over $add_queue:21<i32,i32>
      claim-add {@39, @40} in %table:4[i32,i32]
        if-claimed
          vector-append {@39, @40} into $addition:37<i32,i32>
    vector-loop {@43, @44} over $overdelete:33<i32,i32>
      check-member net-deleted {@43, @44} in %table:4[i32,i32]
        if-member
          vector-append {@43, @44} into $net_removals:41<i32,i32>
    vector-loop {@47, @48} over $addition:37<i32,i32>
      check-member net-added {@47, @48} in %table:4[i32,i32]
        if-member
          vector-append {@47, @48} into $net_additions:45<i32,i32>
    commit-sweep %table:4[i32,i32]
    commit-sweep %table:8[i32]
    return-true

