region-program
program-root {
  input-abi   input/1(A:i32)      -> R0 via P0
  query-abi   output(A:free i32)  -> permanent-root
  output-abi  <none>
}
region R0  owner=program-root  parents=()  children=() {
  input-port      P0  message=input/1  fields=(A)
  permanent-root  output(A)
  row-contract    E0  rel=output            member-key=(A)  support=monotone
  row-contract    E1  rel=one               member-key=(A)  support=monotone
  row-contract    E2  rel=direct_const      member-key=(A)  support=monotone
  row-contract    E3  rel=direct_input      member-key=(A)  support=monotone
  row-contract    E4  rel=direct_only       member-key=(A)  support=monotone
  row-contract    E5  rel=direct_only_join  member-key=(A)  support=monotone
  row-contract    E6  rel=direct_and_join   member-key=(A)  support=monotone
  recursive-component  C0  members=(direct_const)
  recursive-component  C1  members=(direct_input)
  recursive-component  C2  members=(direct_only)
  recursive-component  C3  members=(direct_only_join)
  recursive-component  C4  members=(direct_and_join)
}
census: regions=1 child-calls=0 program-roots=1 request-ports=0 input-ports=1 result-ports=0 row-contracts=7
